// Jest Snapshot v1, https://goo.gl/fbAQLP

exports[`VisualizationTypes should match a snapshot 1`] = `
<ul
  className="nav nav-pills"
>
  <VisualizationType
    onChange={[Function]}
    type="Icicle"
    typeObject={
      Object {
        "icon": <i
          aria-hidden="true"
          className="fa fa-2x fa-bar-chart fa-rotate-180"
      />,
        "name": "Icicles",
      }
    }
  />
  <VisualizationType
    onChange={[Function]}
    type="Icicle"
    typeObject={
      Object {
        "icon": <i
          aria-hidden="true"
          className="fa fa-2x fa-pie-chart"
      />,
        "name": "Sunburst",
      }
    }
  />
</ul>
`;
